*** Using Compiler 'V5.06 update 7 (build 960)', folder: 'D:\tools\keil\core\ARM\ARMCC\Bin'
Rebuild target 'dcac'
compiling qpr_control.c...
compiling stm32g4xx_ll_adc.c...
assembling startup_stm32g474xx.s...
compiling stm32g4xx_hal_cortex.c...
compiling hrtim.c...
compiling dma.c...
compiling gpio.c...
compiling key.c...
compiling stm32g4xx_it.c...
compiling usart.c...
compiling stm32g4xx_hal_gpio.c...
compiling stm32g4xx_hal_msp.c...
compiling stm32g4xx_hal_dma_ex.c...
compiling system_stm32g4xx.c...
compiling stm32g4xx_hal_flash_ramfunc.c...
compiling stm32g4xx_hal_flash.c...
compiling main.c...
compiling stm32g4xx_hal.c...
compiling stm32g4xx_hal_adc_ex.c...
compiling stm32g4xx_hal_exti.c...
compiling stm32g4xx_hal_flash_ex.c...
compiling stm32g4xx_hal_pwr.c...
compiling stm32g4xx_hal_uart_ex.c...
compiling adc.c...
compiling stm32g4xx_hal_dma.c...
compiling stm32g4xx_hal_pwr_ex.c...
compiling stm32g4xx_hal_rcc_ex.c...
compiling stm32g4xx_hal_rcc.c...
compiling stm32g4xx_hal_hrtim.c...
compiling stm32g4xx_hal_uart.c...
compiling stm32g4xx_hal_adc.c...
linking...
Program Size: Code=23502 RO-data=2622 RW-data=244 ZI-data=2820  
FromELF: creating hex file...
"dcac\dcac.axf" - 0 Error(s), 0 Warning(s).
Build Time Elapsed:  00:00:08
